---
source: crates/excalidraw-mermaid/tests/snapshots.rs
description: Mermaid → Excalidraw JSON for class_basic.mmd
expression: json
---
{
  "type": "excalidraw",
  "version": 2,
  "source": "excalidraw-mermaid:classDiagram",
  "elements": [
    {
      "type": "rectangle",
      "id": "mm-class-node-Animal",
      "x": 0.0,
      "y": 0.0,
      "width": 196.40625,
      "height": 168.0,
      "angle": 0.0,
      "strokeColor": "#1e1e1e",
      "backgroundColor": "#e9ecef",
      "fillStyle": "solid",
      "strokeWidth": 2.0,
      "strokeStyle": "solid",
      "roughness": 1.0,
      "opacity": 100.0,
      "seed": 1337,
      "version": 1,
      "versionNonce": 0,
      "isDeleted": false,
      "groupIds": [],
      "frameId": null,
      "boundElements": [
        {
          "id": "mm-class-nodetext-Animal",
          "type": "text"
        },
        {
          "id": "mm-class-edge-0",
          "type": "arrow"
        }
      ],
      "updated": 0,
      "link": null,
      "locked": false
    },
    {
      "type": "text",
      "id": "mm-class-nodetext-Animal",
      "x": 0.0,
      "y": 0.0,
      "width": 196.40625,
      "height": 168.0,
      "angle": 0.0,
      "strokeColor": "#1e1e1e",
      "backgroundColor": "transparent",
      "fillStyle": "solid",
      "strokeWidth": 2.0,
      "strokeStyle": "solid",
      "roughness": 1.0,
      "opacity": 100.0,
      "seed": 1337,
      "version": 1,
      "versionNonce": 0,
      "isDeleted": false,
      "groupIds": [],
      "frameId": null,
      "boundElements": [],
      "updated": 0,
      "link": null,
      "locked": false,
      "text": "Animal\n+String name\n+int age\n---\n+makeSound() : void",
      "originalText": "Animal\n+String name\n+int age\n---\n+makeSound() : void",
      "fontSize": 16.0,
      "fontFamily": 5,
      "textAlign": "center",
      "verticalAlign": "middle",
      "lineHeight": 1.25,
      "autoResize": true,
      "containerId": "mm-class-node-Animal"
    },
    {
      "type": "rectangle",
      "id": "mm-class-node-Dog",
      "x": 30.765625,
      "y": 218.0,
      "width": 134.875,
      "height": 126.0,
      "angle": 0.0,
      "strokeColor": "#1e1e1e",
      "backgroundColor": "#e9ecef",
      "fillStyle": "solid",
      "strokeWidth": 2.0,
      "strokeStyle": "solid",
      "roughness": 1.0,
      "opacity": 100.0,
      "seed": 1337,
      "version": 1,
      "versionNonce": 0,
      "isDeleted": false,
      "groupIds": [],
      "frameId": null,
      "boundElements": [
        {
          "id": "mm-class-nodetext-Dog",
          "type": "text"
        },
        {
          "id": "mm-class-edge-0",
          "type": "arrow"
        }
      ],
      "updated": 0,
      "link": null,
      "locked": false
    },
    {
      "type": "text",
      "id": "mm-class-nodetext-Dog",
      "x": 30.765625,
      "y": 218.0,
      "width": 134.875,
      "height": 126.0,
      "angle": 0.0,
      "strokeColor": "#1e1e1e",
      "backgroundColor": "transparent",
      "fillStyle": "solid",
      "strokeWidth": 2.0,
      "strokeStyle": "solid",
      "roughness": 1.0,
      "opacity": 100.0,
      "seed": 1337,
      "version": 1,
      "versionNonce": 0,
      "isDeleted": false,
      "groupIds": [],
      "frameId": null,
      "boundElements": [],
      "updated": 0,
      "link": null,
      "locked": false,
      "text": "Dog\n---\n+bark() : void",
      "originalText": "Dog\n---\n+bark() : void",
      "fontSize": 16.0,
      "fontFamily": 5,
      "textAlign": "center",
      "verticalAlign": "middle",
      "lineHeight": 1.25,
      "autoResize": true,
      "containerId": "mm-class-node-Dog"
    },
    {
      "type": "arrow",
      "id": "mm-class-edge-0",
      "x": 98.203125,
      "y": 168.0,
      "width": 0.0,
      "height": 50.0,
      "angle": 0.0,
      "strokeColor": "#1e1e1e",
      "backgroundColor": "transparent",
      "fillStyle": "solid",
      "strokeWidth": 2.0,
      "strokeStyle": "solid",
      "roughness": 1.0,
      "opacity": 100.0,
      "seed": 1337,
      "version": 1,
      "versionNonce": 0,
      "isDeleted": false,
      "groupIds": [],
      "frameId": null,
      "boundElements": [],
      "updated": 0,
      "link": null,
      "locked": false,
      "points": [
        [
          0.0,
          0.0
        ],
        [
          0.0,
          25.0
        ],
        [
          0.0,
          50.0
        ]
      ],
      "startArrowhead": null,
      "endArrowhead": "triangle",
      "startBinding": {
        "elementId": "mm-class-node-Animal",
        "focus": 0.0,
        "gap": 4.0
      },
      "endBinding": {
        "elementId": "mm-class-node-Dog",
        "focus": 0.0,
        "gap": 4.0
      },
      "elbowed": false,
      "lastCommittedPoint": null
    }
  ],
  "appState": {
    "viewBackgroundColor": "#ffffff",
    "gridSize": 20,
    "theme": "light"
  },
  "files": {}
}
