---
source: crates/excalidraw-mermaid/tests/snapshots.rs
description: Mermaid → Excalidraw JSON for flowchart_basic.mmd
expression: json
---
{
  "type": "excalidraw",
  "version": 2,
  "source": "excalidraw-mermaid:flowchart-v2",
  "elements": [
    {
      "type": "rectangle",
      "id": "mm-flow-node-A",
      "x": 96.30078125,
      "y": 8.0,
      "width": 95.015625,
      "height": 54.0,
      "angle": 0.0,
      "strokeColor": "#1e1e1e",
      "backgroundColor": "#e7f5ff",
      "fillStyle": "solid",
      "strokeWidth": 2.0,
      "strokeStyle": "solid",
      "roughness": 1.0,
      "opacity": 100.0,
      "seed": 1337,
      "version": 1,
      "versionNonce": 0,
      "isDeleted": false,
      "groupIds": [],
      "frameId": null,
      "boundElements": [
        {
          "id": "mm-flow-nodetext-A",
          "type": "text"
        },
        {
          "id": "mm-flow-edge-L_A_B_0",
          "type": "arrow"
        }
      ],
      "updated": 0,
      "link": null,
      "locked": false
    },
    {
      "type": "text",
      "id": "mm-flow-nodetext-A",
      "x": 96.30078125,
      "y": 8.0,
      "width": 95.015625,
      "height": 54.0,
      "angle": 0.0,
      "strokeColor": "#1e1e1e",
      "backgroundColor": "transparent",
      "fillStyle": "solid",
      "strokeWidth": 2.0,
      "strokeStyle": "solid",
      "roughness": 1.0,
      "opacity": 100.0,
      "seed": 1337,
      "version": 1,
      "versionNonce": 0,
      "isDeleted": false,
      "groupIds": [],
      "frameId": null,
      "boundElements": [],
      "updated": 0,
      "link": null,
      "locked": false,
      "text": "Start",
      "originalText": "Start",
      "fontSize": 16.0,
      "fontFamily": 5,
      "textAlign": "center",
      "verticalAlign": "middle",
      "lineHeight": 1.25,
      "autoResize": true,
      "containerId": "mm-flow-node-A"
    },
    {
      "type": "diamond",
      "id": "mm-flow-node-B",
      "x": 87.11328125,
      "y": 112.0,
      "width": 113.390625,
      "height": 113.390625,
      "angle": 0.0,
      "strokeColor": "#1e1e1e",
      "backgroundColor": "#fff4e6",
      "fillStyle": "solid",
      "strokeWidth": 2.0,
      "strokeStyle": "solid",
      "roughness": 1.0,
      "opacity": 100.0,
      "seed": 1337,
      "version": 1,
      "versionNonce": 0,
      "isDeleted": false,
      "groupIds": [],
      "frameId": null,
      "boundElements": [
        {
          "id": "mm-flow-nodetext-B",
          "type": "text"
        },
        {
          "id": "mm-flow-edge-L_A_B_0",
          "type": "arrow"
        },
        {
          "id": "mm-flow-edge-L_B_C_0",
          "type": "arrow"
        },
        {
          "id": "mm-flow-edge-L_B_D_0",
          "type": "arrow"
        }
      ],
      "updated": 0,
      "link": null,
      "locked": false
    },
    {
      "type": "text",
      "id": "mm-flow-nodetext-B",
      "x": 87.11328125,
      "y": 112.0,
      "width": 113.390625,
      "height": 113.390625,
      "angle": 0.0,
      "strokeColor": "#1e1e1e",
      "backgroundColor": "transparent",
      "fillStyle": "solid",
      "strokeWidth": 2.0,
      "strokeStyle": "solid",
      "roughness": 1.0,
      "opacity": 100.0,
      "seed": 1337,
      "version": 1,
      "versionNonce": 0,
      "isDeleted": false,
      "groupIds": [],
      "frameId": null,
      "boundElements": [],
      "updated": 0,
      "link": null,
      "locked": false,
      "text": "Decision",
      "originalText": "Decision",
      "fontSize": 16.0,
      "fontFamily": 5,
      "textAlign": "center",
      "verticalAlign": "middle",
      "lineHeight": 1.25,
      "autoResize": true,
      "containerId": "mm-flow-node-B"
    },
    {
      "type": "rectangle",
      "id": "mm-flow-node-C",
      "x": 8.0,
      "y": 299.390625,
      "width": 118.0,
      "height": 54.0,
      "angle": 0.0,
      "strokeColor": "#1e1e1e",
      "backgroundColor": "#e7f5ff",
      "fillStyle": "solid",
      "strokeWidth": 2.0,
      "strokeStyle": "solid",
      "roughness": 1.0,
      "opacity": 100.0,
      "seed": 1337,
      "version": 1,
      "versionNonce": 0,
      "isDeleted": false,
      "groupIds": [],
      "frameId": null,
      "boundElements": [
        {
          "id": "mm-flow-nodetext-C",
          "type": "text"
        },
        {
          "id": "mm-flow-edge-L_B_C_0",
          "type": "arrow"
        },
        {
          "id": "mm-flow-edge-L_C_E_0",
          "type": "arrow"
        }
      ],
      "updated": 0,
      "link": null,
      "locked": false
    },
    {
      "type": "text",
      "id": "mm-flow-nodetext-C",
      "x": 8.0,
      "y": 299.390625,
      "width": 118.0,
      "height": 54.0,
      "angle": 0.0,
      "strokeColor": "#1e1e1e",
      "backgroundColor": "transparent",
      "fillStyle": "solid",
      "strokeWidth": 2.0,
      "strokeStyle": "solid",
      "roughness": 1.0,
      "opacity": 100.0,
      "seed": 1337,
      "version": 1,
      "versionNonce": 0,
      "isDeleted": false,
      "groupIds": [],
      "frameId": null,
      "boundElements": [],
      "updated": 0,
      "link": null,
      "locked": false,
      "text": "Do work",
      "originalText": "Do work",
      "fontSize": 16.0,
      "fontFamily": 5,
      "textAlign": "center",
      "verticalAlign": "middle",
      "lineHeight": 1.25,
      "autoResize": true,
      "containerId": "mm-flow-node-C"
    },
    {
      "type": "rectangle",
      "id": "mm-flow-node-D",
      "x": 176.0,
      "y": 299.390625,
      "width": 89.234375,
      "height": 54.0,
      "angle": 0.0,
      "strokeColor": "#1e1e1e",
      "backgroundColor": "#e7f5ff",
      "fillStyle": "solid",
      "strokeWidth": 2.0,
      "strokeStyle": "solid",
      "roughness": 1.0,
      "opacity": 100.0,
      "seed": 1337,
      "version": 1,
      "versionNonce": 0,
      "isDeleted": false,
      "groupIds": [],
      "frameId": null,
      "boundElements": [
        {
          "id": "mm-flow-nodetext-D",
          "type": "text"
        },
        {
          "id": "mm-flow-edge-L_B_D_0",
          "type": "arrow"
        },
        {
          "id": "mm-flow-edge-L_D_E_0",
          "type": "arrow"
        }
      ],
      "updated": 0,
      "link": null,
      "locked": false
    },
    {
      "type": "text",
      "id": "mm-flow-nodetext-D",
      "x": 176.0,
      "y": 299.390625,
      "width": 89.234375,
      "height": 54.0,
      "angle": 0.0,
      "strokeColor": "#1e1e1e",
      "backgroundColor": "transparent",
      "fillStyle": "solid",
      "strokeWidth": 2.0,
      "strokeStyle": "solid",
      "roughness": 1.0,
      "opacity": 100.0,
      "seed": 1337,
      "version": 1,
      "versionNonce": 0,
      "isDeleted": false,
      "groupIds": [],
      "frameId": null,
      "boundElements": [],
      "updated": 0,
      "link": null,
      "locked": false,
      "text": "Skip",
      "originalText": "Skip",
      "fontSize": 16.0,
      "fontFamily": 5,
      "textAlign": "center",
      "verticalAlign": "middle",
      "lineHeight": 1.25,
      "autoResize": true,
      "containerId": "mm-flow-node-D"
    },
    {
      "type": "rectangle",
      "id": "mm-flow-node-E",
      "x": 100.69140625,
      "y": 403.390625,
      "width": 86.234375,
      "height": 54.0,
      "angle": 0.0,
      "strokeColor": "#1e1e1e",
      "backgroundColor": "#e7f5ff",
      "fillStyle": "solid",
      "strokeWidth": 2.0,
      "strokeStyle": "solid",
      "roughness": 1.0,
      "opacity": 100.0,
      "seed": 1337,
      "version": 1,
      "versionNonce": 0,
      "isDeleted": false,
      "groupIds": [],
      "frameId": null,
      "boundElements": [
        {
          "id": "mm-flow-nodetext-E",
          "type": "text"
        },
        {
          "id": "mm-flow-edge-L_C_E_0",
          "type": "arrow"
        },
        {
          "id": "mm-flow-edge-L_D_E_0",
          "type": "arrow"
        }
      ],
      "updated": 0,
      "link": null,
      "locked": false
    },
    {
      "type": "text",
      "id": "mm-flow-nodetext-E",
      "x": 100.69140625,
      "y": 403.390625,
      "width": 86.234375,
      "height": 54.0,
      "angle": 0.0,
      "strokeColor": "#1e1e1e",
      "backgroundColor": "transparent",
      "fillStyle": "solid",
      "strokeWidth": 2.0,
      "strokeStyle": "solid",
      "roughness": 1.0,
      "opacity": 100.0,
      "seed": 1337,
      "version": 1,
      "versionNonce": 0,
      "isDeleted": false,
      "groupIds": [],
      "frameId": null,
      "boundElements": [],
      "updated": 0,
      "link": null,
      "locked": false,
      "text": "End",
      "originalText": "End",
      "fontSize": 16.0,
      "fontFamily": 5,
      "textAlign": "center",
      "verticalAlign": "middle",
      "lineHeight": 1.25,
      "autoResize": true,
      "containerId": "mm-flow-node-E"
    },
    {
      "type": "arrow",
      "id": "mm-flow-edge-L_A_B_0",
      "x": 143.80859375,
      "y": 62.0,
      "width": 0.0,
      "height": 50.0,
      "angle": 0.0,
      "strokeColor": "#1e1e1e",
      "backgroundColor": "transparent",
      "fillStyle": "solid",
      "strokeWidth": 2.0,
      "strokeStyle": "solid",
      "roughness": 1.0,
      "opacity": 100.0,
      "seed": 1337,
      "version": 1,
      "versionNonce": 0,
      "isDeleted": false,
      "groupIds": [],
      "frameId": null,
      "boundElements": [],
      "updated": 0,
      "link": null,
      "locked": false,
      "points": [
        [
          0.0,
          0.0
        ],
        [
          0.0,
          25.0
        ],
        [
          0.0,
          50.0
        ]
      ],
      "startArrowhead": null,
      "endArrowhead": "arrow",
      "startBinding": {
        "elementId": "mm-flow-node-A",
        "focus": 0.0,
        "gap": 4.0
      },
      "endBinding": {
        "elementId": "mm-flow-node-B",
        "focus": 0.0,
        "gap": 4.0
      },
      "elbowed": false,
      "lastCommittedPoint": null
    },
    {
      "type": "text",
      "id": "mm-flow-edgelabel-L_B_C_0",
      "x": 67.0,
      "y": 262.390625,
      "width": 23.09375,
      "height": 24.0,
      "angle": 0.0,
      "strokeColor": "#1e1e1e",
      "backgroundColor": "transparent",
      "fillStyle": "solid",
      "strokeWidth": 2.0,
      "strokeStyle": "solid",
      "roughness": 1.0,
      "opacity": 100.0,
      "seed": 1337,
      "version": 1,
      "versionNonce": 0,
      "isDeleted": false,
      "groupIds": [],
      "frameId": null,
      "boundElements": [],
      "updated": 0,
      "link": null,
      "locked": false,
      "text": "yes",
      "originalText": "yes",
      "fontSize": 16.799999999999997,
      "fontFamily": 5,
      "textAlign": "center",
      "verticalAlign": "middle",
      "lineHeight": 1.25,
      "autoResize": true,
      "containerId": null
    },
    {
      "type": "arrow",
      "id": "mm-flow-edge-L_B_C_0",
      "x": 118.26849134931498,
      "y": 199.85052259931498,
      "width": 51.268491349314985,
      "height": 99.54010240068502,
      "angle": 0.0,
      "strokeColor": "#1e1e1e",
      "backgroundColor": "transparent",
      "fillStyle": "solid",
      "strokeWidth": 2.0,
      "strokeStyle": "solid",
      "roughness": 1.0,
      "opacity": 100.0,
      "seed": 1337,
      "version": 1,
      "versionNonce": 0,
      "isDeleted": false,
      "groupIds": [],
      "frameId": null,
      "boundElements": [],
      "updated": 0,
      "link": null,
      "locked": false,
      "points": [
        [
          0.0,
          0.0
        ],
        [
          -51.268491349314985,
          62.540102400685015
        ],
        [
          -51.268491349314985,
          99.54010240068502
        ]
      ],
      "startArrowhead": null,
      "endArrowhead": "arrow",
      "startBinding": {
        "elementId": "mm-flow-node-B",
        "focus": 0.0,
        "gap": 4.0
      },
      "endBinding": {
        "elementId": "mm-flow-node-C",
        "focus": 0.0,
        "gap": 4.0
      },
      "elbowed": false,
      "lastCommittedPoint": null
    },
    {
      "type": "text",
      "id": "mm-flow-edgelabel-L_B_D_0",
      "x": 220.6171875,
      "y": 262.390625,
      "width": 20.0,
      "height": 24.0,
      "angle": 0.0,
      "strokeColor": "#1e1e1e",
      "backgroundColor": "transparent",
      "fillStyle": "solid",
      "strokeWidth": 2.0,
      "strokeStyle": "solid",
      "roughness": 1.0,
      "opacity": 100.0,
      "seed": 1337,
      "version": 1,
      "versionNonce": 0,
      "isDeleted": false,
      "groupIds": [],
      "frameId": null,
      "boundElements": [],
      "updated": 0,
      "link": null,
      "locked": false,
      "text": "no",
      "originalText": "no",
      "fontSize": 16.799999999999997,
      "fontFamily": 5,
      "textAlign": "center",
      "verticalAlign": "middle",
      "lineHeight": 1.25,
      "autoResize": true,
      "containerId": null
    },
    {
      "type": "arrow",
      "id": "mm-flow-edge-L_B_D_0",
      "x": 169.34869615068502,
      "y": 199.85052259931498,
      "width": 51.268491349314985,
      "height": 99.54010240068502,
      "angle": 0.0,
      "strokeColor": "#1e1e1e",
      "backgroundColor": "transparent",
      "fillStyle": "solid",
      "strokeWidth": 2.0,
      "strokeStyle": "solid",
      "roughness": 1.0,
      "opacity": 100.0,
      "seed": 1337,
      "version": 1,
      "versionNonce": 0,
      "isDeleted": false,
      "groupIds": [],
      "frameId": null,
      "boundElements": [],
      "updated": 0,
      "link": null,
      "locked": false,
      "points": [
        [
          0.0,
          0.0
        ],
        [
          51.268491349314985,
          62.540102400685015
        ],
        [
          51.268491349314985,
          99.54010240068502
        ]
      ],
      "startArrowhead": null,
      "endArrowhead": "arrow",
      "startBinding": {
        "elementId": "mm-flow-node-B",
        "focus": 0.0,
        "gap": 4.0
      },
      "endBinding": {
        "elementId": "mm-flow-node-D",
        "focus": 0.0,
        "gap": 4.0
      },
      "elbowed": false,
      "lastCommittedPoint": null
    },
    {
      "type": "arrow",
      "id": "mm-flow-edge-L_C_E_0",
      "x": 67.0,
      "y": 353.390625,
      "width": 36.92720853365384,
      "height": 50.0,
      "angle": 0.0,
      "strokeColor": "#1e1e1e",
      "backgroundColor": "transparent",
      "fillStyle": "solid",
      "strokeWidth": 2.0,
      "strokeStyle": "solid",
      "roughness": 1.0,
      "opacity": 100.0,
      "seed": 1337,
      "version": 1,
      "versionNonce": 0,
      "isDeleted": false,
      "groupIds": [],
      "frameId": null,
      "boundElements": [],
      "updated": 0,
      "link": null,
      "locked": false,
      "points": [
        [
          0.0,
          0.0
        ],
        [
          0.0,
          25.0
        ],
        [
          36.92720853365384,
          50.0
        ]
      ],
      "startArrowhead": null,
      "endArrowhead": "arrow",
      "startBinding": {
        "elementId": "mm-flow-node-C",
        "focus": 0.0,
        "gap": 4.0
      },
      "endBinding": {
        "elementId": "mm-flow-node-E",
        "focus": 0.0,
        "gap": 4.0
      },
      "elbowed": false,
      "lastCommittedPoint": null
    },
    {
      "type": "arrow",
      "id": "mm-flow-edge-L_D_E_0",
      "x": 220.6171875,
      "y": 353.390625,
      "width": 36.92720853365384,
      "height": 50.0,
      "angle": 0.0,
      "strokeColor": "#1e1e1e",
      "backgroundColor": "transparent",
      "fillStyle": "solid",
      "strokeWidth": 2.0,
      "strokeStyle": "solid",
      "roughness": 1.0,
      "opacity": 100.0,
      "seed": 1337,
      "version": 1,
      "versionNonce": 0,
      "isDeleted": false,
      "groupIds": [],
      "frameId": null,
      "boundElements": [],
      "updated": 0,
      "link": null,
      "locked": false,
      "points": [
        [
          0.0,
          0.0
        ],
        [
          0.0,
          25.0
        ],
        [
          -36.92720853365384,
          50.0
        ]
      ],
      "startArrowhead": null,
      "endArrowhead": "arrow",
      "startBinding": {
        "elementId": "mm-flow-node-D",
        "focus": 0.0,
        "gap": 4.0
      },
      "endBinding": {
        "elementId": "mm-flow-node-E",
        "focus": 0.0,
        "gap": 4.0
      },
      "elbowed": false,
      "lastCommittedPoint": null
    }
  ],
  "appState": {
    "viewBackgroundColor": "#ffffff",
    "gridSize": 20,
    "theme": "light"
  },
  "files": {}
}
