---
source: crates/excalidraw-mermaid/tests/snapshots.rs
description: Mermaid → Excalidraw JSON for state_choice.mmd
expression: json
---
{
  "type": "excalidraw",
  "version": 2,
  "source": "excalidraw-mermaid:stateDiagram",
  "elements": [
    {
      "type": "rectangle",
      "id": "mm-state-node-Approved",
      "x": 11.1875,
      "y": 354.0,
      "width": 83.53125,
      "height": 40.0,
      "angle": 0.0,
      "strokeColor": "#1e1e1e",
      "backgroundColor": "#e7f5ff",
      "fillStyle": "solid",
      "strokeWidth": 2.0,
      "strokeStyle": "solid",
      "roughness": 1.0,
      "opacity": 100.0,
      "seed": 1337,
      "version": 1,
      "versionNonce": 0,
      "isDeleted": false,
      "groupIds": [],
      "frameId": null,
      "boundElements": [
        {
          "id": "mm-state-nodetext-Approved",
          "type": "text"
        },
        {
          "id": "mm-state-edge-edge3",
          "type": "arrow"
        },
        {
          "id": "mm-state-edge-edge5",
          "type": "arrow"
        }
      ],
      "updated": 0,
      "link": null,
      "locked": false,
      "roundness": {
        "type": 3
      }
    },
    {
      "type": "text",
      "id": "mm-state-nodetext-Approved",
      "x": 11.1875,
      "y": 354.0,
      "width": 83.53125,
      "height": 40.0,
      "angle": 0.0,
      "strokeColor": "#1e1e1e",
      "backgroundColor": "transparent",
      "fillStyle": "solid",
      "strokeWidth": 2.0,
      "strokeStyle": "solid",
      "roughness": 1.0,
      "opacity": 100.0,
      "seed": 1337,
      "version": 1,
      "versionNonce": 0,
      "isDeleted": false,
      "groupIds": [],
      "frameId": null,
      "boundElements": [],
      "updated": 0,
      "link": null,
      "locked": false,
      "text": "Approved",
      "originalText": "Approved",
      "fontSize": 16.0,
      "fontFamily": 5,
      "textAlign": "center",
      "verticalAlign": "middle",
      "lineHeight": 1.25,
      "autoResize": true,
      "containerId": "mm-state-node-Approved"
    },
    {
      "type": "rectangle",
      "id": "mm-state-node-Delivered",
      "x": 10.8359375,
      "y": 624.0,
      "width": 84.234375,
      "height": 40.0,
      "angle": 0.0,
      "strokeColor": "#1e1e1e",
      "backgroundColor": "#e7f5ff",
      "fillStyle": "solid",
      "strokeWidth": 2.0,
      "strokeStyle": "solid",
      "roughness": 1.0,
      "opacity": 100.0,
      "seed": 1337,
      "version": 1,
      "versionNonce": 0,
      "isDeleted": false,
      "groupIds": [],
      "frameId": null,
      "boundElements": [
        {
          "id": "mm-state-nodetext-Delivered",
          "type": "text"
        },
        {
          "id": "mm-state-edge-edge7",
          "type": "arrow"
        },
        {
          "id": "mm-state-edge-edge8",
          "type": "arrow"
        }
      ],
      "updated": 0,
      "link": null,
      "locked": false,
      "roundness": {
        "type": 3
      }
    },
    {
      "type": "text",
      "id": "mm-state-nodetext-Delivered",
      "x": 10.8359375,
      "y": 624.0,
      "width": 84.234375,
      "height": 40.0,
      "angle": 0.0,
      "strokeColor": "#1e1e1e",
      "backgroundColor": "transparent",
      "fillStyle": "solid",
      "strokeWidth": 2.0,
      "strokeStyle": "solid",
      "roughness": 1.0,
      "opacity": 100.0,
      "seed": 1337,
      "version": 1,
      "versionNonce": 0,
      "isDeleted": false,
      "groupIds": [],
      "frameId": null,
      "boundElements": [],
      "updated": 0,
      "link": null,
      "locked": false,
      "text": "Delivered",
      "originalText": "Delivered",
      "fontSize": 16.0,
      "fontFamily": 5,
      "textAlign": "center",
      "verticalAlign": "middle",
      "lineHeight": 1.25,
      "autoResize": true,
      "containerId": "mm-state-node-Delivered"
    },
    {
      "type": "rectangle",
      "id": "mm-state-node-Processing",
      "x": 8.0,
      "y": 444.0,
      "width": 89.90625,
      "height": 40.0,
      "angle": 0.0,
      "strokeColor": "#1e1e1e",
      "backgroundColor": "#e7f5ff",
      "fillStyle": "solid",
      "strokeWidth": 2.0,
      "strokeStyle": "solid",
      "roughness": 1.0,
      "opacity": 100.0,
      "seed": 1337,
      "version": 1,
      "versionNonce": 0,
      "isDeleted": false,
      "groupIds": [],
      "frameId": null,
      "boundElements": [
        {
          "id": "mm-state-nodetext-Processing",
          "type": "text"
        },
        {
          "id": "mm-state-edge-edge5",
          "type": "arrow"
        },
        {
          "id": "mm-state-edge-edge6",
          "type": "arrow"
        }
      ],
      "updated": 0,
      "link": null,
      "locked": false,
      "roundness": {
        "type": 3
      }
    },
    {
      "type": "text",
      "id": "mm-state-nodetext-Processing",
      "x": 8.0,
      "y": 444.0,
      "width": 89.90625,
      "height": 40.0,
      "angle": 0.0,
      "strokeColor": "#1e1e1e",
      "backgroundColor": "transparent",
      "fillStyle": "solid",
      "strokeWidth": 2.0,
      "strokeStyle": "solid",
      "roughness": 1.0,
      "opacity": 100.0,
      "seed": 1337,
      "version": 1,
      "versionNonce": 0,
      "isDeleted": false,
      "groupIds": [],
      "frameId": null,
      "boundElements": [],
      "updated": 0,
      "link": null,
      "locked": false,
      "text": "Processing",
      "originalText": "Processing",
      "fontSize": 16.0,
      "fontFamily": 5,
      "textAlign": "center",
      "verticalAlign": "middle",
      "lineHeight": 1.25,
      "autoResize": true,
      "containerId": "mm-state-node-Processing"
    },
    {
      "type": "rectangle",
      "id": "mm-state-node-Received",
      "x": 78.94921875,
      "y": 72.0,
      "width": 80.078125,
      "height": 40.0,
      "angle": 0.0,
      "strokeColor": "#1e1e1e",
      "backgroundColor": "#e7f5ff",
      "fillStyle": "solid",
      "strokeWidth": 2.0,
      "strokeStyle": "solid",
      "roughness": 1.0,
      "opacity": 100.0,
      "seed": 1337,
      "version": 1,
      "versionNonce": 0,
      "isDeleted": false,
      "groupIds": [],
      "frameId": null,
      "boundElements": [
        {
          "id": "mm-state-nodetext-Received",
          "type": "text"
        },
        {
          "id": "mm-state-edge-edge0",
          "type": "arrow"
        },
        {
          "id": "mm-state-edge-edge1",
          "type": "arrow"
        }
      ],
      "updated": 0,
      "link": null,
      "locked": false,
      "roundness": {
        "type": 3
      }
    },
    {
      "type": "text",
      "id": "mm-state-nodetext-Received",
      "x": 78.94921875,
      "y": 72.0,
      "width": 80.078125,
      "height": 40.0,
      "angle": 0.0,
      "strokeColor": "#1e1e1e",
      "backgroundColor": "transparent",
      "fillStyle": "solid",
      "strokeWidth": 2.0,
      "strokeStyle": "solid",
      "roughness": 1.0,
      "opacity": 100.0,
      "seed": 1337,
      "version": 1,
      "versionNonce": 0,
      "isDeleted": false,
      "groupIds": [],
      "frameId": null,
      "boundElements": [],
      "updated": 0,
      "link": null,
      "locked": false,
      "text": "Received",
      "originalText": "Received",
      "fontSize": 16.0,
      "fontFamily": 5,
      "textAlign": "center",
      "verticalAlign": "middle",
      "lineHeight": 1.25,
      "autoResize": true,
      "containerId": "mm-state-node-Received"
    },
    {
      "type": "rectangle",
      "id": "mm-state-node-Rejected",
      "x": 145.0703125,
      "y": 624.0,
      "width": 79.90625,
      "height": 40.0,
      "angle": 0.0,
      "strokeColor": "#1e1e1e",
      "backgroundColor": "#e7f5ff",
      "fillStyle": "solid",
      "strokeWidth": 2.0,
      "strokeStyle": "solid",
      "roughness": 1.0,
      "opacity": 100.0,
      "seed": 1337,
      "version": 1,
      "versionNonce": 0,
      "isDeleted": false,
      "groupIds": [],
      "frameId": null,
      "boundElements": [
        {
          "id": "mm-state-nodetext-Rejected",
          "type": "text"
        },
        {
          "id": "mm-state-edge-edge4",
          "type": "arrow"
        },
        {
          "id": "mm-state-edge-edge9",
          "type": "arrow"
        }
      ],
      "updated": 0,
      "link": null,
      "locked": false,
      "roundness": {
        "type": 3
      }
    },
    {
      "type": "text",
      "id": "mm-state-nodetext-Rejected",
      "x": 145.0703125,
      "y": 624.0,
      "width": 79.90625,
      "height": 40.0,
      "angle": 0.0,
      "strokeColor": "#1e1e1e",
      "backgroundColor": "transparent",
      "fillStyle": "solid",
      "strokeWidth": 2.0,
      "strokeStyle": "solid",
      "roughness": 1.0,
      "opacity": 100.0,
      "seed": 1337,
      "version": 1,
      "versionNonce": 0,
      "isDeleted": false,
      "groupIds": [],
      "frameId": null,
      "boundElements": [],
      "updated": 0,
      "link": null,
      "locked": false,
      "text": "Rejected",
      "originalText": "Rejected",
      "fontSize": 16.0,
      "fontFamily": 5,
      "textAlign": "center",
      "verticalAlign": "middle",
      "lineHeight": 1.25,
      "autoResize": true,
      "containerId": "mm-state-node-Rejected"
    },
    {
      "type": "rectangle",
      "id": "mm-state-node-Shipped",
      "x": 16.71875,
      "y": 534.0,
      "width": 72.46875,
      "height": 40.0,
      "angle": 0.0,
      "strokeColor": "#1e1e1e",
      "backgroundColor": "#e7f5ff",
      "fillStyle": "solid",
      "strokeWidth": 2.0,
      "strokeStyle": "solid",
      "roughness": 1.0,
      "opacity": 100.0,
      "seed": 1337,
      "version": 1,
      "versionNonce": 0,
      "isDeleted": false,
      "groupIds": [],
      "frameId": null,
      "boundElements": [
        {
          "id": "mm-state-nodetext-Shipped",
          "type": "text"
        },
        {
          "id": "mm-state-edge-edge6",
          "type": "arrow"
        },
        {
          "id": "mm-state-edge-edge7",
          "type": "arrow"
        }
      ],
      "updated": 0,
      "link": null,
      "locked": false,
      "roundness": {
        "type": 3
      }
    },
    {
      "type": "text",
      "id": "mm-state-nodetext-Shipped",
      "x": 16.71875,
      "y": 534.0,
      "width": 72.46875,
      "height": 40.0,
      "angle": 0.0,
      "strokeColor": "#1e1e1e",
      "backgroundColor": "transparent",
      "fillStyle": "solid",
      "strokeWidth": 2.0,
      "strokeStyle": "solid",
      "roughness": 1.0,
      "opacity": 100.0,
      "seed": 1337,
      "version": 1,
      "versionNonce": 0,
      "isDeleted": false,
      "groupIds": [],
      "frameId": null,
      "boundElements": [],
      "updated": 0,
      "link": null,
      "locked": false,
      "text": "Shipped",
      "originalText": "Shipped",
      "fontSize": 16.0,
      "fontFamily": 5,
      "textAlign": "center",
      "verticalAlign": "middle",
      "lineHeight": 1.25,
      "autoResize": true,
      "containerId": "mm-state-node-Shipped"
    },
    {
      "type": "rectangle",
      "id": "mm-state-node-Validating",
      "x": 75.56640625,
      "y": 162.0,
      "width": 86.84375,
      "height": 40.0,
      "angle": 0.0,
      "strokeColor": "#1e1e1e",
      "backgroundColor": "#e7f5ff",
      "fillStyle": "solid",
      "strokeWidth": 2.0,
      "strokeStyle": "solid",
      "roughness": 1.0,
      "opacity": 100.0,
      "seed": 1337,
      "version": 1,
      "versionNonce": 0,
      "isDeleted": false,
      "groupIds": [],
      "frameId": null,
      "boundElements": [
        {
          "id": "mm-state-nodetext-Validating",
          "type": "text"
        },
        {
          "id": "mm-state-edge-edge1",
          "type": "arrow"
        },
        {
          "id": "mm-state-edge-edge2",
          "type": "arrow"
        }
      ],
      "updated": 0,
      "link": null,
      "locked": false,
      "roundness": {
        "type": 3
      }
    },
    {
      "type": "text",
      "id": "mm-state-nodetext-Validating",
      "x": 75.56640625,
      "y": 162.0,
      "width": 86.84375,
      "height": 40.0,
      "angle": 0.0,
      "strokeColor": "#1e1e1e",
      "backgroundColor": "transparent",
      "fillStyle": "solid",
      "strokeWidth": 2.0,
      "strokeStyle": "solid",
      "roughness": 1.0,
      "opacity": 100.0,
      "seed": 1337,
      "version": 1,
      "versionNonce": 0,
      "isDeleted": false,
      "groupIds": [],
      "frameId": null,
      "boundElements": [],
      "updated": 0,
      "link": null,
      "locked": false,
      "text": "Validating",
      "originalText": "Validating",
      "fontSize": 16.0,
      "fontFamily": 5,
      "textAlign": "center",
      "verticalAlign": "middle",
      "lineHeight": 1.25,
      "autoResize": true,
      "containerId": "mm-state-node-Validating"
    },
    {
      "type": "rectangle",
      "id": "mm-state-node-check",
      "x": 104.98828125,
      "y": 252.0,
      "width": 40.0,
      "height": 40.0,
      "angle": 0.0,
      "strokeColor": "#1e1e1e",
      "backgroundColor": "#e7f5ff",
      "fillStyle": "solid",
      "strokeWidth": 2.0,
      "strokeStyle": "solid",
      "roughness": 1.0,
      "opacity": 100.0,
      "seed": 1337,
      "version": 1,
      "versionNonce": 0,
      "isDeleted": false,
      "groupIds": [],
      "frameId": null,
      "boundElements": [
        {
          "id": "mm-state-nodetext-check",
          "type": "text"
        },
        {
          "id": "mm-state-edge-edge2",
          "type": "arrow"
        },
        {
          "id": "mm-state-edge-edge3",
          "type": "arrow"
        },
        {
          "id": "mm-state-edge-edge4",
          "type": "arrow"
        }
      ],
      "updated": 0,
      "link": null,
      "locked": false,
      "roundness": {
        "type": 3
      }
    },
    {
      "type": "text",
      "id": "mm-state-nodetext-check",
      "x": 104.98828125,
      "y": 252.0,
      "width": 40.0,
      "height": 40.0,
      "angle": 0.0,
      "strokeColor": "#1e1e1e",
      "backgroundColor": "transparent",
      "fillStyle": "solid",
      "strokeWidth": 2.0,
      "strokeStyle": "solid",
      "roughness": 1.0,
      "opacity": 100.0,
      "seed": 1337,
      "version": 1,
      "versionNonce": 0,
      "isDeleted": false,
      "groupIds": [],
      "frameId": null,
      "boundElements": [],
      "updated": 0,
      "link": null,
      "locked": false,
      "text": "check",
      "originalText": "check",
      "fontSize": 16.0,
      "fontFamily": 5,
      "textAlign": "center",
      "verticalAlign": "middle",
      "lineHeight": 1.25,
      "autoResize": true,
      "containerId": "mm-state-node-check"
    },
    {
      "type": "ellipse",
      "id": "mm-state-pseudo-root_end",
      "x": 106.98828125,
      "y": 709.0,
      "width": 24.0,
      "height": 24.0,
      "angle": 0.0,
      "strokeColor": "#1e1e1e",
      "backgroundColor": "#1e1e1e",
      "fillStyle": "solid",
      "strokeWidth": 2.0,
      "strokeStyle": "solid",
      "roughness": 1.0,
      "opacity": 100.0,
      "seed": 1337,
      "version": 1,
      "versionNonce": 0,
      "isDeleted": false,
      "groupIds": [],
      "frameId": null,
      "boundElements": [
        {
          "id": "mm-state-edge-edge8",
          "type": "arrow"
        },
        {
          "id": "mm-state-edge-edge9",
          "type": "arrow"
        }
      ],
      "updated": 0,
      "link": null,
      "locked": false
    },
    {
      "type": "ellipse",
      "id": "mm-state-pseudo-root_start",
      "x": 106.98828125,
      "y": 3.0,
      "width": 24.0,
      "height": 24.0,
      "angle": 0.0,
      "strokeColor": "#1e1e1e",
      "backgroundColor": "#1e1e1e",
      "fillStyle": "solid",
      "strokeWidth": 2.0,
      "strokeStyle": "solid",
      "roughness": 1.0,
      "opacity": 100.0,
      "seed": 1337,
      "version": 1,
      "versionNonce": 0,
      "isDeleted": false,
      "groupIds": [],
      "frameId": null,
      "boundElements": [
        {
          "id": "mm-state-edge-edge0",
          "type": "arrow"
        }
      ],
      "updated": 0,
      "link": null,
      "locked": false
    },
    {
      "type": "arrow",
      "id": "mm-state-edge-edge0",
      "x": 118.98828125,
      "y": 22.0,
      "width": 0.5,
      "height": 50.5,
      "angle": 0.0,
      "strokeColor": "#1e1e1e",
      "backgroundColor": "transparent",
      "fillStyle": "solid",
      "strokeWidth": 2.0,
      "strokeStyle": "solid",
      "roughness": 1.0,
      "opacity": 100.0,
      "seed": 1337,
      "version": 1,
      "versionNonce": 0,
      "isDeleted": false,
      "groupIds": [],
      "frameId": null,
      "boundElements": [],
      "updated": 0,
      "link": null,
      "locked": false,
      "points": [
        [
          0.0,
          0.0
        ],
        [
          0.0,
          25.0
        ],
        [
          0.5,
          50.5
        ]
      ],
      "startArrowhead": null,
      "endArrowhead": "arrow",
      "startBinding": {
        "elementId": "mm-state-pseudo-root_start",
        "focus": 0.0,
        "gap": 4.0
      },
      "endBinding": {
        "elementId": "mm-state-node-Received",
        "focus": 0.0,
        "gap": 4.0
      },
      "elbowed": false,
      "lastCommittedPoint": null
    },
    {
      "type": "arrow",
      "id": "mm-state-edge-edge1",
      "x": 119.48828125,
      "y": 112.5,
      "width": 0.5,
      "height": 50.0,
      "angle": 0.0,
      "strokeColor": "#1e1e1e",
      "backgroundColor": "transparent",
      "fillStyle": "solid",
      "strokeWidth": 2.0,
      "strokeStyle": "solid",
      "roughness": 1.0,
      "opacity": 100.0,
      "seed": 1337,
      "version": 1,
      "versionNonce": 0,
      "isDeleted": false,
      "groupIds": [],
      "frameId": null,
      "boundElements": [],
      "updated": 0,
      "link": null,
      "locked": false,
      "points": [
        [
          0.0,
          0.0
        ],
        [
          -0.5,
          24.5
        ],
        [
          0.0,
          50.0
        ]
      ],
      "startArrowhead": null,
      "endArrowhead": "arrow",
      "startBinding": {
        "elementId": "mm-state-node-Received",
        "focus": 0.0,
        "gap": 4.0
      },
      "endBinding": {
        "elementId": "mm-state-node-Validating",
        "focus": 0.0,
        "gap": 4.0
      },
      "elbowed": false,
      "lastCommittedPoint": null
    },
    {
      "type": "arrow",
      "id": "mm-state-edge-edge2",
      "x": 119.48828125,
      "y": 202.5,
      "width": 0.5,
      "height": 50.0,
      "angle": 0.0,
      "strokeColor": "#1e1e1e",
      "backgroundColor": "transparent",
      "fillStyle": "solid",
      "strokeWidth": 2.0,
      "strokeStyle": "solid",
      "roughness": 1.0,
      "opacity": 100.0,
      "seed": 1337,
      "version": 1,
      "versionNonce": 0,
      "isDeleted": false,
      "groupIds": [],
      "frameId": null,
      "boundElements": [],
      "updated": 0,
      "link": null,
      "locked": false,
      "points": [
        [
          0.0,
          0.0
        ],
        [
          -0.5,
          24.5
        ],
        [
          0.0,
          50.0
        ]
      ],
      "startArrowhead": null,
      "endArrowhead": "arrow",
      "startBinding": {
        "elementId": "mm-state-node-Validating",
        "focus": 0.0,
        "gap": 4.0
      },
      "endBinding": {
        "elementId": "mm-state-node-check",
        "focus": 0.0,
        "gap": 4.0
      },
      "elbowed": false,
      "lastCommittedPoint": null
    },
    {
      "type": "arrow",
      "id": "mm-state-edge-edge3",
      "x": 111.5890122002353,
      "y": 272.6007309502353,
      "width": 58.6358872002353,
      "height": 81.89926904976471,
      "angle": 0.0,
      "strokeColor": "#1e1e1e",
      "backgroundColor": "transparent",
      "fillStyle": "solid",
      "strokeWidth": 2.0,
      "strokeStyle": "solid",
      "roughness": 1.0,
      "opacity": 100.0,
      "seed": 1337,
      "version": 1,
      "versionNonce": 0,
      "isDeleted": false,
      "groupIds": [],
      "frameId": null,
      "boundElements": [],
      "updated": 0,
      "link": null,
      "locked": false,
      "points": [
        [
          0.0,
          0.0
        ],
        [
          -58.6358872002353,
          44.39926904976471
        ],
        [
          -58.1358872002353,
          81.89926904976471
        ]
      ],
      "startArrowhead": null,
      "endArrowhead": "arrow",
      "startBinding": {
        "elementId": "mm-state-node-check",
        "focus": 0.0,
        "gap": 4.0
      },
      "endBinding": {
        "elementId": "mm-state-node-Approved",
        "focus": 0.0,
        "gap": 4.0
      },
      "elbowed": false,
      "lastCommittedPoint": null
    },
    {
      "type": "arrow",
      "id": "mm-state-edge-edge4",
      "x": 127.3875502997647,
      "y": 272.6007309502353,
      "width": 58.1358872002353,
      "height": 351.8992690497647,
      "angle": 0.0,
      "strokeColor": "#1e1e1e",
      "backgroundColor": "transparent",
      "fillStyle": "solid",
      "strokeWidth": 2.0,
      "strokeStyle": "solid",
      "roughness": 1.0,
      "opacity": 100.0,
      "seed": 1337,
      "version": 1,
      "versionNonce": 0,
      "isDeleted": false,
      "groupIds": [],
      "frameId": null,
      "boundElements": [],
      "updated": 0,
      "link": null,
      "locked": false,
      "points": [
        [
          0.0,
          0.0
        ],
        [
          57.6358872002353,
          44.39926904976471
        ],
        [
          57.6358872002353,
          101.39926904976471
        ],
        [
          57.6358872002353,
          146.3992690497647
        ],
        [
          57.6358872002353,
          191.3992690497647
        ],
        [
          57.6358872002353,
          236.3992690497647
        ],
        [
          57.6358872002353,
          281.3992690497647
        ],
        [
          57.6358872002353,
          326.3992690497647
        ],
        [
          58.1358872002353,
          351.8992690497647
        ]
      ],
      "startArrowhead": null,
      "endArrowhead": "arrow",
      "startBinding": {
        "elementId": "mm-state-node-check",
        "focus": 0.0,
        "gap": 4.0
      },
      "endBinding": {
        "elementId": "mm-state-node-Rejected",
        "focus": 0.0,
        "gap": 4.0
      },
      "elbowed": false,
      "lastCommittedPoint": null
    },
    {
      "type": "arrow",
      "id": "mm-state-edge-edge5",
      "x": 53.453125,
      "y": 394.5,
      "width": 0.5,
      "height": 50.0,
      "angle": 0.0,
      "strokeColor": "#1e1e1e",
      "backgroundColor": "transparent",
      "fillStyle": "solid",
      "strokeWidth": 2.0,
      "strokeStyle": "solid",
      "roughness": 1.0,
      "opacity": 100.0,
      "seed": 1337,
      "version": 1,
      "versionNonce": 0,
      "isDeleted": false,
      "groupIds": [],
      "frameId": null,
      "boundElements": [],
      "updated": 0,
      "link": null,
      "locked": false,
      "points": [
        [
          0.0,
          0.0
        ],
        [
          -0.5,
          24.5
        ],
        [
          0.0,
          50.0
        ]
      ],
      "startArrowhead": null,
      "endArrowhead": "arrow",
      "startBinding": {
        "elementId": "mm-state-node-Approved",
        "focus": 0.0,
        "gap": 4.0
      },
      "endBinding": {
        "elementId": "mm-state-node-Processing",
        "focus": 0.0,
        "gap": 4.0
      },
      "elbowed": false,
      "lastCommittedPoint": null
    },
    {
      "type": "arrow",
      "id": "mm-state-edge-edge6",
      "x": 53.453125,
      "y": 484.5,
      "width": 0.5,
      "height": 50.0,
      "angle": 0.0,
      "strokeColor": "#1e1e1e",
      "backgroundColor": "transparent",
      "fillStyle": "solid",
      "strokeWidth": 2.0,
      "strokeStyle": "solid",
      "roughness": 1.0,
      "opacity": 100.0,
      "seed": 1337,
      "version": 1,
      "versionNonce": 0,
      "isDeleted": false,
      "groupIds": [],
      "frameId": null,
      "boundElements": [],
      "updated": 0,
      "link": null,
      "locked": false,
      "points": [
        [
          0.0,
          0.0
        ],
        [
          -0.5,
          24.5
        ],
        [
          0.0,
          50.0
        ]
      ],
      "startArrowhead": null,
      "endArrowhead": "arrow",
      "startBinding": {
        "elementId": "mm-state-node-Processing",
        "focus": 0.0,
        "gap": 4.0
      },
      "endBinding": {
        "elementId": "mm-state-node-Shipped",
        "focus": 0.0,
        "gap": 4.0
      },
      "elbowed": false,
      "lastCommittedPoint": null
    },
    {
      "type": "arrow",
      "id": "mm-state-edge-edge7",
      "x": 53.453125,
      "y": 574.5,
      "width": 0.5,
      "height": 50.0,
      "angle": 0.0,
      "strokeColor": "#1e1e1e",
      "backgroundColor": "transparent",
      "fillStyle": "solid",
      "strokeWidth": 2.0,
      "strokeStyle": "solid",
      "roughness": 1.0,
      "opacity": 100.0,
      "seed": 1337,
      "version": 1,
      "versionNonce": 0,
      "isDeleted": false,
      "groupIds": [],
      "frameId": null,
      "boundElements": [],
      "updated": 0,
      "link": null,
      "locked": false,
      "points": [
        [
          0.0,
          0.0
        ],
        [
          -0.5,
          24.5
        ],
        [
          0.0,
          50.0
        ]
      ],
      "startArrowhead": null,
      "endArrowhead": "arrow",
      "startBinding": {
        "elementId": "mm-state-node-Shipped",
        "focus": 0.0,
        "gap": 4.0
      },
      "endBinding": {
        "elementId": "mm-state-node-Delivered",
        "focus": 0.0,
        "gap": 4.0
      },
      "elbowed": false,
      "lastCommittedPoint": null
    },
    {
      "type": "arrow",
      "id": "mm-state-edge-edge8",
      "x": 53.453125,
      "y": 664.5,
      "width": 59.735819315156704,
      "height": 53.44740206032316,
      "angle": 0.0,
      "strokeColor": "#1e1e1e",
      "backgroundColor": "transparent",
      "fillStyle": "solid",
      "strokeWidth": 2.0,
      "strokeStyle": "solid",
      "roughness": 1.0,
      "opacity": 100.0,
      "seed": 1337,
      "version": 1,
      "versionNonce": 0,
      "isDeleted": false,
      "groupIds": [],
      "frameId": null,
      "boundElements": [],
      "updated": 0,
      "link": null,
      "locked": false,
      "points": [
        [
          0.0,
          0.0
        ],
        [
          -0.5,
          24.5
        ],
        [
          59.235819315156704,
          53.44740206032316
        ]
      ],
      "startArrowhead": null,
      "endArrowhead": "arrow",
      "startBinding": {
        "elementId": "mm-state-node-Delivered",
        "focus": 0.0,
        "gap": 4.0
      },
      "endBinding": {
        "elementId": "mm-state-pseudo-root_end",
        "focus": 0.0,
        "gap": 4.0
      },
      "elbowed": false,
      "lastCommittedPoint": null
    },
    {
      "type": "arrow",
      "id": "mm-state-edge-edge9",
      "x": 185.5234375,
      "y": 664.5,
      "width": 60.235819315156704,
      "height": 53.44740206032316,
      "angle": 0.0,
      "strokeColor": "#1e1e1e",
      "backgroundColor": "transparent",
      "fillStyle": "solid",
      "strokeWidth": 2.0,
      "strokeStyle": "solid",
      "roughness": 1.0,
      "opacity": 100.0,
      "seed": 1337,
      "version": 1,
      "versionNonce": 0,
      "isDeleted": false,
      "groupIds": [],
      "frameId": null,
      "boundElements": [],
      "updated": 0,
      "link": null,
      "locked": false,
      "points": [
        [
          0.0,
          0.0
        ],
        [
          -0.5,
          24.5
        ],
        [
          -60.235819315156704,
          53.44740206032316
        ]
      ],
      "startArrowhead": null,
      "endArrowhead": "arrow",
      "startBinding": {
        "elementId": "mm-state-node-Rejected",
        "focus": 0.0,
        "gap": 4.0
      },
      "endBinding": {
        "elementId": "mm-state-pseudo-root_end",
        "focus": 0.0,
        "gap": 4.0
      },
      "elbowed": false,
      "lastCommittedPoint": null
    }
  ],
  "appState": {
    "viewBackgroundColor": "#ffffff",
    "gridSize": 20,
    "theme": "light"
  },
  "files": {}
}
