---
source: crates/excalidraw-mermaid/tests/snapshots.rs
description: Mermaid → Excalidraw JSON for sequence_loops.mmd
expression: json
---
{
  "type": "excalidraw",
  "version": 2,
  "source": "excalidraw-mermaid:sequence",
  "elements": [
    {
      "type": "rectangle",
      "id": "mm-seq-node-actor-top-Client",
      "x": 0.0,
      "y": 0.0,
      "width": 150.0,
      "height": 65.0,
      "angle": 0.0,
      "strokeColor": "#1e1e1e",
      "backgroundColor": "#dde9f7",
      "fillStyle": "solid",
      "strokeWidth": 2.0,
      "strokeStyle": "solid",
      "roughness": 1.0,
      "opacity": 100.0,
      "seed": 1337,
      "version": 1,
      "versionNonce": 0,
      "isDeleted": false,
      "groupIds": [],
      "frameId": null,
      "boundElements": [
        {
          "id": "mm-seq-nodetext-actor-top-Client",
          "type": "text"
        }
      ],
      "updated": 0,
      "link": null,
      "locked": false,
      "roundness": {
        "type": 3
      }
    },
    {
      "type": "text",
      "id": "mm-seq-nodetext-actor-top-Client",
      "x": 0.0,
      "y": 0.0,
      "width": 150.0,
      "height": 65.0,
      "angle": 0.0,
      "strokeColor": "#1e1e1e",
      "backgroundColor": "transparent",
      "fillStyle": "solid",
      "strokeWidth": 2.0,
      "strokeStyle": "solid",
      "roughness": 1.0,
      "opacity": 100.0,
      "seed": 1337,
      "version": 1,
      "versionNonce": 0,
      "isDeleted": false,
      "groupIds": [],
      "frameId": null,
      "boundElements": [],
      "updated": 0,
      "link": null,
      "locked": false,
      "text": "Client",
      "originalText": "Client",
      "fontSize": 16.0,
      "fontFamily": 5,
      "textAlign": "center",
      "verticalAlign": "middle",
      "lineHeight": 1.25,
      "autoResize": true,
      "containerId": "mm-seq-node-actor-top-Client"
    },
    {
      "type": "arrow",
      "id": "mm-seq-lifeline-actor-top-Client",
      "x": 75.0,
      "y": 65.0,
      "width": 0.0,
      "height": 764.0,
      "angle": 0.0,
      "strokeColor": "#1e1e1e",
      "backgroundColor": "transparent",
      "fillStyle": "solid",
      "strokeWidth": 2.0,
      "strokeStyle": "dashed",
      "roughness": 1.0,
      "opacity": 100.0,
      "seed": 1337,
      "version": 1,
      "versionNonce": 0,
      "isDeleted": false,
      "groupIds": [],
      "frameId": null,
      "boundElements": [],
      "updated": 0,
      "link": null,
      "locked": false,
      "points": [
        [
          0.0,
          0.0
        ],
        [
          0.0,
          764.0
        ]
      ],
      "startArrowhead": null,
      "endArrowhead": null,
      "startBinding": {
        "elementId": "mm-seq-node-actor-top-Client",
        "focus": 0.0,
        "gap": 4.0
      },
      "endBinding": null,
      "elbowed": false,
      "lastCommittedPoint": null
    },
    {
      "type": "rectangle",
      "id": "mm-seq-node-actor-top-Server",
      "x": 200.0,
      "y": 0.0,
      "width": 150.0,
      "height": 65.0,
      "angle": 0.0,
      "strokeColor": "#1e1e1e",
      "backgroundColor": "#dde9f7",
      "fillStyle": "solid",
      "strokeWidth": 2.0,
      "strokeStyle": "solid",
      "roughness": 1.0,
      "opacity": 100.0,
      "seed": 1337,
      "version": 1,
      "versionNonce": 0,
      "isDeleted": false,
      "groupIds": [],
      "frameId": null,
      "boundElements": [
        {
          "id": "mm-seq-nodetext-actor-top-Server",
          "type": "text"
        }
      ],
      "updated": 0,
      "link": null,
      "locked": false,
      "roundness": {
        "type": 3
      }
    },
    {
      "type": "text",
      "id": "mm-seq-nodetext-actor-top-Server",
      "x": 200.0,
      "y": 0.0,
      "width": 150.0,
      "height": 65.0,
      "angle": 0.0,
      "strokeColor": "#1e1e1e",
      "backgroundColor": "transparent",
      "fillStyle": "solid",
      "strokeWidth": 2.0,
      "strokeStyle": "solid",
      "roughness": 1.0,
      "opacity": 100.0,
      "seed": 1337,
      "version": 1,
      "versionNonce": 0,
      "isDeleted": false,
      "groupIds": [],
      "frameId": null,
      "boundElements": [],
      "updated": 0,
      "link": null,
      "locked": false,
      "text": "Server",
      "originalText": "Server",
      "fontSize": 16.0,
      "fontFamily": 5,
      "textAlign": "center",
      "verticalAlign": "middle",
      "lineHeight": 1.25,
      "autoResize": true,
      "containerId": "mm-seq-node-actor-top-Server"
    },
    {
      "type": "arrow",
      "id": "mm-seq-lifeline-actor-top-Server",
      "x": 275.0,
      "y": 65.0,
      "width": 0.0,
      "height": 764.0,
      "angle": 0.0,
      "strokeColor": "#1e1e1e",
      "backgroundColor": "transparent",
      "fillStyle": "solid",
      "strokeWidth": 2.0,
      "strokeStyle": "dashed",
      "roughness": 1.0,
      "opacity": 100.0,
      "seed": 1337,
      "version": 1,
      "versionNonce": 0,
      "isDeleted": false,
      "groupIds": [],
      "frameId": null,
      "boundElements": [],
      "updated": 0,
      "link": null,
      "locked": false,
      "points": [
        [
          0.0,
          0.0
        ],
        [
          0.0,
          764.0
        ]
      ],
      "startArrowhead": null,
      "endArrowhead": null,
      "startBinding": {
        "elementId": "mm-seq-node-actor-top-Server",
        "focus": 0.0,
        "gap": 4.0
      },
      "endBinding": null,
      "elbowed": false,
      "lastCommittedPoint": null
    },
    {
      "type": "rectangle",
      "id": "mm-seq-node-actor-top-DB",
      "x": 400.0,
      "y": 0.0,
      "width": 150.0,
      "height": 65.0,
      "angle": 0.0,
      "strokeColor": "#1e1e1e",
      "backgroundColor": "#dde9f7",
      "fillStyle": "solid",
      "strokeWidth": 2.0,
      "strokeStyle": "solid",
      "roughness": 1.0,
      "opacity": 100.0,
      "seed": 1337,
      "version": 1,
      "versionNonce": 0,
      "isDeleted": false,
      "groupIds": [],
      "frameId": null,
      "boundElements": [
        {
          "id": "mm-seq-nodetext-actor-top-DB",
          "type": "text"
        }
      ],
      "updated": 0,
      "link": null,
      "locked": false,
      "roundness": {
        "type": 3
      }
    },
    {
      "type": "text",
      "id": "mm-seq-nodetext-actor-top-DB",
      "x": 400.0,
      "y": 0.0,
      "width": 150.0,
      "height": 65.0,
      "angle": 0.0,
      "strokeColor": "#1e1e1e",
      "backgroundColor": "transparent",
      "fillStyle": "solid",
      "strokeWidth": 2.0,
      "strokeStyle": "solid",
      "roughness": 1.0,
      "opacity": 100.0,
      "seed": 1337,
      "version": 1,
      "versionNonce": 0,
      "isDeleted": false,
      "groupIds": [],
      "frameId": null,
      "boundElements": [],
      "updated": 0,
      "link": null,
      "locked": false,
      "text": "DB",
      "originalText": "DB",
      "fontSize": 16.0,
      "fontFamily": 5,
      "textAlign": "center",
      "verticalAlign": "middle",
      "lineHeight": 1.25,
      "autoResize": true,
      "containerId": "mm-seq-node-actor-top-DB"
    },
    {
      "type": "arrow",
      "id": "mm-seq-lifeline-actor-top-DB",
      "x": 475.0,
      "y": 65.0,
      "width": 0.0,
      "height": 764.0,
      "angle": 0.0,
      "strokeColor": "#1e1e1e",
      "backgroundColor": "transparent",
      "fillStyle": "solid",
      "strokeWidth": 2.0,
      "strokeStyle": "dashed",
      "roughness": 1.0,
      "opacity": 100.0,
      "seed": 1337,
      "version": 1,
      "versionNonce": 0,
      "isDeleted": false,
      "groupIds": [],
      "frameId": null,
      "boundElements": [],
      "updated": 0,
      "link": null,
      "locked": false,
      "points": [
        [
          0.0,
          0.0
        ],
        [
          0.0,
          764.0
        ]
      ],
      "startArrowhead": null,
      "endArrowhead": null,
      "startBinding": {
        "elementId": "mm-seq-node-actor-top-DB",
        "focus": 0.0,
        "gap": 4.0
      },
      "endBinding": null,
      "elbowed": false,
      "lastCommittedPoint": null
    },
    {
      "type": "text",
      "id": "mm-seq-edgelabel-msg-0",
      "x": 174.0,
      "y": 80.0,
      "width": 84.5703125,
      "height": 19.0,
      "angle": 0.0,
      "strokeColor": "#1e1e1e",
      "backgroundColor": "transparent",
      "fillStyle": "solid",
      "strokeWidth": 2.0,
      "strokeStyle": "solid",
      "roughness": 1.0,
      "opacity": 100.0,
      "seed": 1337,
      "version": 1,
      "versionNonce": 0,
      "isDeleted": false,
      "groupIds": [],
      "frameId": null,
      "boundElements": [],
      "updated": 0,
      "link": null,
      "locked": false,
      "text": "POST /login",
      "originalText": "POST /login",
      "fontSize": 16.0,
      "fontFamily": 5,
      "textAlign": "center",
      "verticalAlign": "middle",
      "lineHeight": 1.25,
      "autoResize": true,
      "containerId": null
    },
    {
      "type": "arrow",
      "id": "mm-seq-edge-msg-0",
      "x": 76.0,
      "y": 109.0,
      "width": 195.0,
      "height": 0.0,
      "angle": 0.0,
      "strokeColor": "#1e1e1e",
      "backgroundColor": "transparent",
      "fillStyle": "solid",
      "strokeWidth": 2.0,
      "strokeStyle": "solid",
      "roughness": 1.0,
      "opacity": 100.0,
      "seed": 1337,
      "version": 1,
      "versionNonce": 0,
      "isDeleted": false,
      "groupIds": [],
      "frameId": null,
      "boundElements": [],
      "updated": 0,
      "link": null,
      "locked": false,
      "points": [
        [
          0.0,
          0.0
        ],
        [
          195.0,
          0.0
        ]
      ],
      "startArrowhead": null,
      "endArrowhead": "triangle",
      "startBinding": null,
      "endBinding": null,
      "elbowed": false,
      "lastCommittedPoint": null
    },
    {
      "type": "text",
      "id": "mm-seq-edgelabel-msg-1",
      "x": 374.0,
      "y": 124.0,
      "width": 86.8359375,
      "height": 19.0,
      "angle": 0.0,
      "strokeColor": "#1e1e1e",
      "backgroundColor": "transparent",
      "fillStyle": "solid",
      "strokeWidth": 2.0,
      "strokeStyle": "solid",
      "roughness": 1.0,
      "opacity": 100.0,
      "seed": 1337,
      "version": 1,
      "versionNonce": 0,
      "isDeleted": false,
      "groupIds": [],
      "frameId": null,
      "boundElements": [],
      "updated": 0,
      "link": null,
      "locked": false,
      "text": "SELECT user",
      "originalText": "SELECT user",
      "fontSize": 16.0,
      "fontFamily": 5,
      "textAlign": "center",
      "verticalAlign": "middle",
      "lineHeight": 1.25,
      "autoResize": true,
      "containerId": null
    },
    {
      "type": "arrow",
      "id": "mm-seq-edge-msg-1",
      "x": 276.0,
      "y": 153.0,
      "width": 195.0,
      "height": 0.0,
      "angle": 0.0,
      "strokeColor": "#1e1e1e",
      "backgroundColor": "transparent",
      "fillStyle": "solid",
      "strokeWidth": 2.0,
      "strokeStyle": "solid",
      "roughness": 1.0,
      "opacity": 100.0,
      "seed": 1337,
      "version": 1,
      "versionNonce": 0,
      "isDeleted": false,
      "groupIds": [],
      "frameId": null,
      "boundElements": [],
      "updated": 0,
      "link": null,
      "locked": false,
      "points": [
        [
          0.0,
          0.0
        ],
        [
          195.0,
          0.0
        ]
      ],
      "startArrowhead": null,
      "endArrowhead": "triangle",
      "startBinding": null,
      "endBinding": null,
      "elbowed": false,
      "lastCommittedPoint": null
    },
    {
      "type": "text",
      "id": "mm-seq-edgelabel-msg-2",
      "x": 377.0,
      "y": 168.0,
      "width": 61.7109375,
      "height": 19.0,
      "angle": 0.0,
      "strokeColor": "#1e1e1e",
      "backgroundColor": "transparent",
      "fillStyle": "solid",
      "strokeWidth": 2.0,
      "strokeStyle": "solid",
      "roughness": 1.0,
      "opacity": 100.0,
      "seed": 1337,
      "version": 1,
      "versionNonce": 0,
      "isDeleted": false,
      "groupIds": [],
      "frameId": null,
      "boundElements": [],
      "updated": 0,
      "link": null,
      "locked": false,
      "text": "user row",
      "originalText": "user row",
      "fontSize": 16.0,
      "fontFamily": 5,
      "textAlign": "center",
      "verticalAlign": "middle",
      "lineHeight": 1.25,
      "autoResize": true,
      "containerId": null
    },
    {
      "type": "arrow",
      "id": "mm-seq-edge-msg-2",
      "x": 474.0,
      "y": 197.0,
      "width": 195.0,
      "height": 0.0,
      "angle": 0.0,
      "strokeColor": "#1e1e1e",
      "backgroundColor": "transparent",
      "fillStyle": "solid",
      "strokeWidth": 2.0,
      "strokeStyle": "solid",
      "roughness": 1.0,
      "opacity": 100.0,
      "seed": 1337,
      "version": 1,
      "versionNonce": 0,
      "isDeleted": false,
      "groupIds": [],
      "frameId": null,
      "boundElements": [],
      "updated": 0,
      "link": null,
      "locked": false,
      "points": [
        [
          0.0,
          0.0
        ],
        [
          -195.0,
          0.0
        ]
      ],
      "startArrowhead": null,
      "endArrowhead": "triangle",
      "startBinding": null,
      "endBinding": null,
      "elbowed": false,
      "lastCommittedPoint": null
    },
    {
      "type": "text",
      "id": "mm-seq-edgelabel-msg-4",
      "x": 177.0,
      "y": 257.0,
      "width": 108.5234375,
      "height": 19.0,
      "angle": 0.0,
      "strokeColor": "#1e1e1e",
      "backgroundColor": "transparent",
      "fillStyle": "solid",
      "strokeWidth": 2.0,
      "strokeStyle": "solid",
      "roughness": 1.0,
      "opacity": 100.0,
      "seed": 1337,
      "version": 1,
      "versionNonce": 0,
      "isDeleted": false,
      "groupIds": [],
      "frameId": null,
      "boundElements": [],
      "updated": 0,
      "link": null,
      "locked": false,
      "text": "200 OK + token",
      "originalText": "200 OK + token",
      "fontSize": 16.0,
      "fontFamily": 5,
      "textAlign": "center",
      "verticalAlign": "middle",
      "lineHeight": 1.25,
      "autoResize": true,
      "containerId": null
    },
    {
      "type": "arrow",
      "id": "mm-seq-edge-msg-4",
      "x": 274.0,
      "y": 286.0,
      "width": 195.0,
      "height": 0.0,
      "angle": 0.0,
      "strokeColor": "#1e1e1e",
      "backgroundColor": "transparent",
      "fillStyle": "solid",
      "strokeWidth": 2.0,
      "strokeStyle": "solid",
      "roughness": 1.0,
      "opacity": 100.0,
      "seed": 1337,
      "version": 1,
      "versionNonce": 0,
      "isDeleted": false,
      "groupIds": [],
      "frameId": null,
      "boundElements": [],
      "updated": 0,
      "link": null,
      "locked": false,
      "points": [
        [
          0.0,
          0.0
        ],
        [
          -195.0,
          0.0
        ]
      ],
      "startArrowhead": null,
      "endArrowhead": "triangle",
      "startBinding": null,
      "endBinding": null,
      "elbowed": false,
      "lastCommittedPoint": null
    },
    {
      "type": "text",
      "id": "mm-seq-edgelabel-msg-6",
      "x": 177.0,
      "y": 346.0,
      "width": 125.9453125,
      "height": 19.0,
      "angle": 0.0,
      "strokeColor": "#1e1e1e",
      "backgroundColor": "transparent",
      "fillStyle": "solid",
      "strokeWidth": 2.0,
      "strokeStyle": "solid",
      "roughness": 1.0,
      "opacity": 100.0,
      "seed": 1337,
      "version": 1,
      "versionNonce": 0,
      "isDeleted": false,
      "groupIds": [],
      "frameId": null,
      "boundElements": [],
      "updated": 0,
      "link": null,
      "locked": false,
      "text": "401 Unauthorized",
      "originalText": "401 Unauthorized",
      "fontSize": 16.0,
      "fontFamily": 5,
      "textAlign": "center",
      "verticalAlign": "middle",
      "lineHeight": 1.25,
      "autoResize": true,
      "containerId": null
    },
    {
      "type": "arrow",
      "id": "mm-seq-edge-msg-6",
      "x": 274.0,
      "y": 375.0,
      "width": 195.0,
      "height": 0.0,
      "angle": 0.0,
      "strokeColor": "#1e1e1e",
      "backgroundColor": "transparent",
      "fillStyle": "solid",
      "strokeWidth": 2.0,
      "strokeStyle": "solid",
      "roughness": 1.0,
      "opacity": 100.0,
      "seed": 1337,
      "version": 1,
      "versionNonce": 0,
      "isDeleted": false,
      "groupIds": [],
      "frameId": null,
      "boundElements": [],
      "updated": 0,
      "link": null,
      "locked": false,
      "points": [
        [
          0.0,
          0.0
        ],
        [
          -195.0,
          0.0
        ]
      ],
      "startArrowhead": null,
      "endArrowhead": "triangle",
      "startBinding": null,
      "endBinding": null,
      "elbowed": false,
      "lastCommittedPoint": null
    },
    {
      "type": "text",
      "id": "mm-seq-edgelabel-msg-9",
      "x": 174.0,
      "y": 445.0,
      "width": 70.8203125,
      "height": 19.0,
      "angle": 0.0,
      "strokeColor": "#1e1e1e",
      "backgroundColor": "transparent",
      "fillStyle": "solid",
      "strokeWidth": 2.0,
      "strokeStyle": "solid",
      "roughness": 1.0,
      "opacity": 100.0,
      "seed": 1337,
      "version": 1,
      "versionNonce": 0,
      "isDeleted": false,
      "groupIds": [],
      "frameId": null,
      "boundElements": [],
      "updated": 0,
      "link": null,
      "locked": false,
      "text": "heartbeat",
      "originalText": "heartbeat",
      "fontSize": 16.0,
      "fontFamily": 5,
      "textAlign": "center",
      "verticalAlign": "middle",
      "lineHeight": 1.25,
      "autoResize": true,
      "containerId": null
    },
    {
      "type": "arrow",
      "id": "mm-seq-edge-msg-9",
      "x": 76.0,
      "y": 474.0,
      "width": 195.0,
      "height": 0.0,
      "angle": 0.0,
      "strokeColor": "#1e1e1e",
      "backgroundColor": "transparent",
      "fillStyle": "solid",
      "strokeWidth": 2.0,
      "strokeStyle": "solid",
      "roughness": 1.0,
      "opacity": 100.0,
      "seed": 1337,
      "version": 1,
      "versionNonce": 0,
      "isDeleted": false,
      "groupIds": [],
      "frameId": null,
      "boundElements": [],
      "updated": 0,
      "link": null,
      "locked": false,
      "points": [
        [
          0.0,
          0.0
        ],
        [
          195.0,
          0.0
        ]
      ],
      "startArrowhead": null,
      "endArrowhead": "triangle",
      "startBinding": null,
      "endBinding": null,
      "elbowed": false,
      "lastCommittedPoint": null
    },
    {
      "type": "text",
      "id": "mm-seq-edgelabel-msg-10",
      "x": 177.0,
      "y": 489.0,
      "width": 24.3984375,
      "height": 19.0,
      "angle": 0.0,
      "strokeColor": "#1e1e1e",
      "backgroundColor": "transparent",
      "fillStyle": "solid",
      "strokeWidth": 2.0,
      "strokeStyle": "solid",
      "roughness": 1.0,
      "opacity": 100.0,
      "seed": 1337,
      "version": 1,
      "versionNonce": 0,
      "isDeleted": false,
      "groupIds": [],
      "frameId": null,
      "boundElements": [],
      "updated": 0,
      "link": null,
      "locked": false,
      "text": "ack",
      "originalText": "ack",
      "fontSize": 16.0,
      "fontFamily": 5,
      "textAlign": "center",
      "verticalAlign": "middle",
      "lineHeight": 1.25,
      "autoResize": true,
      "containerId": null
    },
    {
      "type": "arrow",
      "id": "mm-seq-edge-msg-10",
      "x": 274.0,
      "y": 518.0,
      "width": 195.0,
      "height": 0.0,
      "angle": 0.0,
      "strokeColor": "#1e1e1e",
      "backgroundColor": "transparent",
      "fillStyle": "solid",
      "strokeWidth": 2.0,
      "strokeStyle": "solid",
      "roughness": 1.0,
      "opacity": 100.0,
      "seed": 1337,
      "version": 1,
      "versionNonce": 0,
      "isDeleted": false,
      "groupIds": [],
      "frameId": null,
      "boundElements": [],
      "updated": 0,
      "link": null,
      "locked": false,
      "points": [
        [
          0.0,
          0.0
        ],
        [
          -195.0,
          0.0
        ]
      ],
      "startArrowhead": null,
      "endArrowhead": "triangle",
      "startBinding": null,
      "endBinding": null,
      "elbowed": false,
      "lastCommittedPoint": null
    },
    {
      "type": "text",
      "id": "mm-seq-edgelabel-msg-12",
      "x": 174.0,
      "y": 543.0,
      "width": 73.9921875,
      "height": 19.0,
      "angle": 0.0,
      "strokeColor": "#1e1e1e",
      "backgroundColor": "transparent",
      "fillStyle": "solid",
      "strokeWidth": 2.0,
      "strokeStyle": "solid",
      "roughness": 1.0,
      "opacity": 100.0,
      "seed": 1337,
      "version": 1,
      "versionNonce": 0,
      "isDeleted": false,
      "groupIds": [],
      "frameId": null,
      "boundElements": [],
      "updated": 0,
      "link": null,
      "locked": false,
      "text": "GET /data",
      "originalText": "GET /data",
      "fontSize": 16.0,
      "fontFamily": 5,
      "textAlign": "center",
      "verticalAlign": "middle",
      "lineHeight": 1.25,
      "autoResize": true,
      "containerId": null
    },
    {
      "type": "arrow",
      "id": "mm-seq-edge-msg-12",
      "x": 76.0,
      "y": 572.0,
      "width": 195.0,
      "height": 0.0,
      "angle": 0.0,
      "strokeColor": "#1e1e1e",
      "backgroundColor": "transparent",
      "fillStyle": "solid",
      "strokeWidth": 2.0,
      "strokeStyle": "solid",
      "roughness": 1.0,
      "opacity": 100.0,
      "seed": 1337,
      "version": 1,
      "versionNonce": 0,
      "isDeleted": false,
      "groupIds": [],
      "frameId": null,
      "boundElements": [],
      "updated": 0,
      "link": null,
      "locked": false,
      "points": [
        [
          0.0,
          0.0
        ],
        [
          195.0,
          0.0
        ]
      ],
      "startArrowhead": null,
      "endArrowhead": "triangle",
      "startBinding": null,
      "endBinding": null,
      "elbowed": false,
      "lastCommittedPoint": null
    },
    {
      "type": "text",
      "id": "mm-seq-edgelabel-msg-13",
      "x": 374.0,
      "y": 587.0,
      "width": 40.4921875,
      "height": 19.0,
      "angle": 0.0,
      "strokeColor": "#1e1e1e",
      "backgroundColor": "transparent",
      "fillStyle": "solid",
      "strokeWidth": 2.0,
      "strokeStyle": "solid",
      "roughness": 1.0,
      "opacity": 100.0,
      "seed": 1337,
      "version": 1,
      "versionNonce": 0,
      "isDeleted": false,
      "groupIds": [],
      "frameId": null,
      "boundElements": [],
      "updated": 0,
      "link": null,
      "locked": false,
      "text": "query",
      "originalText": "query",
      "fontSize": 16.0,
      "fontFamily": 5,
      "textAlign": "center",
      "verticalAlign": "middle",
      "lineHeight": 1.25,
      "autoResize": true,
      "containerId": null
    },
    {
      "type": "arrow",
      "id": "mm-seq-edge-msg-13",
      "x": 276.0,
      "y": 616.0,
      "width": 195.0,
      "height": 0.0,
      "angle": 0.0,
      "strokeColor": "#1e1e1e",
      "backgroundColor": "transparent",
      "fillStyle": "solid",
      "strokeWidth": 2.0,
      "strokeStyle": "solid",
      "roughness": 1.0,
      "opacity": 100.0,
      "seed": 1337,
      "version": 1,
      "versionNonce": 0,
      "isDeleted": false,
      "groupIds": [],
      "frameId": null,
      "boundElements": [],
      "updated": 0,
      "link": null,
      "locked": false,
      "points": [
        [
          0.0,
          0.0
        ],
        [
          195.0,
          0.0
        ]
      ],
      "startArrowhead": null,
      "endArrowhead": "triangle",
      "startBinding": null,
      "endBinding": null,
      "elbowed": false,
      "lastCommittedPoint": null
    },
    {
      "type": "text",
      "id": "mm-seq-edgelabel-msg-14",
      "x": 377.0,
      "y": 631.0,
      "width": 47.7109375,
      "height": 19.0,
      "angle": 0.0,
      "strokeColor": "#1e1e1e",
      "backgroundColor": "transparent",
      "fillStyle": "solid",
      "strokeWidth": 2.0,
      "strokeStyle": "solid",
      "roughness": 1.0,
      "opacity": 100.0,
      "seed": 1337,
      "version": 1,
      "versionNonce": 0,
      "isDeleted": false,
      "groupIds": [],
      "frameId": null,
      "boundElements": [],
      "updated": 0,
      "link": null,
      "locked": false,
      "text": "results",
      "originalText": "results",
      "fontSize": 16.0,
      "fontFamily": 5,
      "textAlign": "center",
      "verticalAlign": "middle",
      "lineHeight": 1.25,
      "autoResize": true,
      "containerId": null
    },
    {
      "type": "arrow",
      "id": "mm-seq-edge-msg-14",
      "x": 474.0,
      "y": 660.0,
      "width": 195.0,
      "height": 0.0,
      "angle": 0.0,
      "strokeColor": "#1e1e1e",
      "backgroundColor": "transparent",
      "fillStyle": "solid",
      "strokeWidth": 2.0,
      "strokeStyle": "solid",
      "roughness": 1.0,
      "opacity": 100.0,
      "seed": 1337,
      "version": 1,
      "versionNonce": 0,
      "isDeleted": false,
      "groupIds": [],
      "frameId": null,
      "boundElements": [],
      "updated": 0,
      "link": null,
      "locked": false,
      "points": [
        [
          0.0,
          0.0
        ],
        [
          -195.0,
          0.0
        ]
      ],
      "startArrowhead": null,
      "endArrowhead": "triangle",
      "startBinding": null,
      "endBinding": null,
      "elbowed": false,
      "lastCommittedPoint": null
    },
    {
      "type": "text",
      "id": "mm-seq-edgelabel-msg-15",
      "x": 177.0,
      "y": 675.0,
      "width": 66.3046875,
      "height": 19.0,
      "angle": 0.0,
      "strokeColor": "#1e1e1e",
      "backgroundColor": "transparent",
      "fillStyle": "solid",
      "strokeWidth": 2.0,
      "strokeStyle": "solid",
      "roughness": 1.0,
      "opacity": 100.0,
      "seed": 1337,
      "version": 1,
      "versionNonce": 0,
      "isDeleted": false,
      "groupIds": [],
      "frameId": null,
      "boundElements": [],
      "updated": 0,
      "link": null,
      "locked": false,
      "text": "200 JSON",
      "originalText": "200 JSON",
      "fontSize": 16.0,
      "fontFamily": 5,
      "textAlign": "center",
      "verticalAlign": "middle",
      "lineHeight": 1.25,
      "autoResize": true,
      "containerId": null
    },
    {
      "type": "arrow",
      "id": "mm-seq-edge-msg-15",
      "x": 274.0,
      "y": 704.0,
      "width": 195.0,
      "height": 0.0,
      "angle": 0.0,
      "strokeColor": "#1e1e1e",
      "backgroundColor": "transparent",
      "fillStyle": "solid",
      "strokeWidth": 2.0,
      "strokeStyle": "solid",
      "roughness": 1.0,
      "opacity": 100.0,
      "seed": 1337,
      "version": 1,
      "versionNonce": 0,
      "isDeleted": false,
      "groupIds": [],
      "frameId": null,
      "boundElements": [],
      "updated": 0,
      "link": null,
      "locked": false,
      "points": [
        [
          0.0,
          0.0
        ],
        [
          -195.0,
          0.0
        ]
      ],
      "startArrowhead": null,
      "endArrowhead": "triangle",
      "startBinding": null,
      "endBinding": null,
      "elbowed": false,
      "lastCommittedPoint": null
    }
  ],
  "appState": {
    "viewBackgroundColor": "#ffffff",
    "gridSize": 20,
    "theme": "light"
  },
  "files": {}
}
